A:Term \|-> (.*?):Term\s+B:Term \|-> B:Term\s+C:Term \|-> \1
