<k>
    V:Int{foo} ~> foo ::A{bar} ~> V ~> V ~> GeneratedAnonVar0:K ::K{baz}
</k>
GeneratedAnonVar1:Bag
