<k>
    foo ( true , '`(`) , x , .Exps )
</k>
<in>
    ListItem ( #buffer ( "" ) )
    ListItem ( #istream ( 0 ) )
</in>
