<k>
    <generatedTop>
        <k>
            #noparse ~> GeneratedAnonVar0:K
        </k>
        GeneratedAnonVar1:Bag
    </generatedTop>
</k>
